input_file: <root-dir>/sample_inputs/proj_no_error/src/sample_function.cpp
success: True
stdout:

stderr:
<count> warnings generated.

