input_file: <root-dir>/sample_inputs/proj_no_error/src/sample_function.cpp
exit_code: 0
stdout:

stderr:
37323 warnings generated.

